// Jest Snapshot v1, https://goo.gl/fbAQLP

exports[`Integration::NavbarComponent should create 1`] = `
<epsil-playground-navbar>
  
  
  <nav
    class="navbar navbar-expand-lg navbar-light bg-light"
  >
    
    
    <a
      class="navbar-brand"
      href="/"
      ng-reflect-router-link="/"
      routerlink="/"
    >
      Playground
    </a>
    
    
    <button
      aria-controls="navbarSupportedContent"
      aria-expanded="false"
      aria-label="Toggle navigation"
      class="navbar-toggler"
      data-target="#navbarSupportedContent"
      data-toggle="collapse"
      type="button"
    >
      
      
      <span
        class="navbar-toggler-icon"
      />
      
    
    </button>
    
  
    
    <div
      class="collapse navbar-collapse"
      id="navbarSupportedContent"
    >
      
      
      <ul
        class="navbar-nav mr-auto"
      >
        
        
        <li
          class="nav-item"
        >
          
          
          <a
            class="nav-link"
            href="/"
            ng-reflect-router-link="/"
            ng-reflect-router-link-active="active"
            ng-reflect-router-link-active-options="[object Object]"
            routerlink="/"
            routerlinkactive="active"
          >
            
            Home
          
          </a>
          
        
        </li>
        
        
        <li
          class="nav-item"
        >
          
          
          <a
            class="nav-link"
            href="/invoices"
            ng-reflect-router-link="/invoices"
            ng-reflect-router-link-active="active"
            routerlink="/invoices"
            routerlinkactive="active"
          >
            
            Invoices
          
          </a>
          
        
        </li>
        
      
      </ul>
      
  
    
    </div>
    
  
  </nav>
  
  
  
</epsil-playground-navbar>
`;
